// Vitest Snapshot v1, https://vitest.dev/guide/snapshot.html

exports[`DateNav component > should render DateNav component correctly 1`] = `
[
  <div
    className="grid-3mw container col-3"
  >
    <button
      className="btn btn-info btn-lrg success"
      id="prevBtn"
      onClick={[Function]}
      title="alt + comma"
      type="button"
      value="-1"
    >
      <i
        className="fa fa-chevron-left"
      />
      Prev
    </button>
    <div>
      <input
        aria-label="date-input"
        className="form-control"
        onChange={[Function]}
        type="date"
      />
    </div>
    <button
      className="btn btn-success btn-lrg attention"
      id="nextBtn"
      onClick={[Function]}
      title="alt + period"
      type="button"
      value="1"
    >
      Next
      <i
        className="fa fa-chevron-right"
      />
    </button>
  </div>,
  <button
    className="btn btn-warning btn-lrg"
    onClick={[Function]}
    type="button"
    value="today"
  >
    Today
  </button>,
]
`;
